// Jest Snapshot v1, https://goo.gl/fbAQLP

exports[`HorizontalList Rendering renders itself correctly 1`] = `
<View
  style={
    Array [
      Object {},
    ]
  }
>
  <RCTScrollView
    accessibilityLabel="list"
    data={
      Array [
        <Text>
          A
        </Text>,
      ]
    }
    getItem={[Function]}
    getItemCount={[Function]}
    horizontal={true}
    keyExtractor={[Function]}
    onContentSizeChange={[Function]}
    onLayout={[Function]}
    onMomentumScrollBegin={[Function]}
    onMomentumScrollEnd={[Function]}
    onScroll={[Function]}
    onScrollBeginDrag={[Function]}
    onScrollEndDrag={[Function]}
    removeClippedSubviews={false}
    renderItem={[Function]}
    scrollEventThrottle={50}
    showsHorizontalScrollIndicator={false}
    stickyHeaderIndices={Array []}
    style={
      Array [
        Object {},
      ]
    }
    testID="list"
    viewabilityConfigCallbackPairs={Array []}
  >
    <View>
      <View
        onLayout={[Function]}
        style={
          Array [
            Object {
              "flexDirection": "row",
            },
            null,
          ]
        }
      >
        <View
          style={
            Array [
              Object {
                "marginLeft": 0,
                "marginRight": 0,
              },
            ]
          }
          testID="list-item"
        >
          <Text>
            A
          </Text>
        </View>
      </View>
    </View>
  </RCTScrollView>
</View>
`;

exports[`HorizontalList Rendering should render the link 1`] = `
<View
  style={
    Array [
      Object {},
    ]
  }
>
  <View
    style={
      Array [
        Object {},
      ]
    }
  >
    <View
      style={
        Array [
          Object {
            "alignItems": "center",
            "flexDirection": "row",
            "justifyContent": "space-between",
            "paddingHorizontal": 0,
          },
        ]
      }
    >
      <Text
        accessibilityLabel="title"
        style={
          Array [
            Object {
              "color": "#1C2530",
              "fontFamily": "System",
              "fontSize": 24,
              "fontWeight": "700",
              "textAlign": "left",
            },
          ]
        }
        testID="title"
        variant="h1"
      />
      <View
        accessibilityLabel="link"
        accessible={true}
        collapsable={false}
        focusable={true}
        nativeID="animatedComponent"
        onClick={[Function]}
        onResponderGrant={[Function]}
        onResponderMove={[Function]}
        onResponderRelease={[Function]}
        onResponderTerminate={[Function]}
        onResponderTerminationRequest={[Function]}
        onStartShouldSetResponder={[Function]}
        style={
          Object {
            "opacity": 1,
          }
        }
        testID="link"
      >
        <Text
          accessibilityLabel="link-label"
          style={
            Array [
              Object {
                "color": "#00AEFF",
                "fontFamily": "System",
                "fontSize": 14,
                "fontWeight": "600",
                "textAlign": "left",
              },
            ]
          }
          testID="link-label"
          variant="h6"
        >
          View All
        </Text>
      </View>
    </View>
    <Text
      style={
        Array [
          Object {
            "color": "#1C2530",
            "fontFamily": "System",
            "fontSize": 18,
            "fontStyle": "normal",
            "fontWeight": "400",
            "marginBottom": 22,
            "marginLeft": 22,
            "textAlign": "left",
          },
        ]
      }
      testID="text"
    />
  </View>
  <RCTScrollView
    accessibilityLabel="list"
    data={
      Array [
        <Text>
          A
        </Text>,
      ]
    }
    getItem={[Function]}
    getItemCount={[Function]}
    horizontal={true}
    keyExtractor={[Function]}
    onContentSizeChange={[Function]}
    onLayout={[Function]}
    onMomentumScrollBegin={[Function]}
    onMomentumScrollEnd={[Function]}
    onScroll={[Function]}
    onScrollBeginDrag={[Function]}
    onScrollEndDrag={[Function]}
    removeClippedSubviews={false}
    renderItem={[Function]}
    scrollEventThrottle={50}
    showsHorizontalScrollIndicator={false}
    stickyHeaderIndices={Array []}
    style={
      Array [
        Object {},
      ]
    }
    testID="list"
    viewabilityConfigCallbackPairs={Array []}
  >
    <View>
      <View
        onLayout={[Function]}
        style={
          Array [
            Object {
              "flexDirection": "row",
            },
            null,
          ]
        }
      >
        <View
          style={
            Array [
              Object {
                "marginLeft": 0,
                "marginRight": 0,
              },
            ]
          }
          testID="list-item"
        >
          <Text>
            A
          </Text>
        </View>
      </View>
    </View>
  </RCTScrollView>
</View>
`;

exports[`HorizontalList Rendering should render the title when passed 1`] = `
<View
  style={
    Array [
      Object {},
    ]
  }
>
  <View
    style={
      Array [
        Object {},
      ]
    }
  >
    <View
      style={
        Array [
          Object {
            "alignItems": "center",
            "flexDirection": "row",
            "justifyContent": "space-between",
            "paddingHorizontal": 0,
          },
        ]
      }
    >
      <Text
        accessibilityLabel="title"
        style={
          Array [
            Object {
              "color": "#1C2530",
              "fontFamily": "System",
              "fontSize": 24,
              "fontWeight": "700",
              "textAlign": "left",
            },
          ]
        }
        testID="title"
        variant="h1"
      >
        Categories
      </Text>
    </View>
    <Text
      style={
        Array [
          Object {
            "color": "#1C2530",
            "fontFamily": "System",
            "fontSize": 18,
            "fontStyle": "normal",
            "fontWeight": "400",
            "marginBottom": 22,
            "marginLeft": 22,
            "textAlign": "left",
          },
        ]
      }
      testID="text"
    />
  </View>
  <RCTScrollView
    accessibilityLabel="list"
    data={
      Array [
        <Text>
          A
        </Text>,
      ]
    }
    getItem={[Function]}
    getItemCount={[Function]}
    horizontal={true}
    keyExtractor={[Function]}
    onContentSizeChange={[Function]}
    onLayout={[Function]}
    onMomentumScrollBegin={[Function]}
    onMomentumScrollEnd={[Function]}
    onScroll={[Function]}
    onScrollBeginDrag={[Function]}
    onScrollEndDrag={[Function]}
    removeClippedSubviews={false}
    renderItem={[Function]}
    scrollEventThrottle={50}
    showsHorizontalScrollIndicator={false}
    stickyHeaderIndices={Array []}
    style={
      Array [
        Object {},
      ]
    }
    testID="list"
    viewabilityConfigCallbackPairs={Array []}
  >
    <View>
      <View
        onLayout={[Function]}
        style={
          Array [
            Object {
              "flexDirection": "row",
            },
            null,
          ]
        }
      >
        <View
          style={
            Array [
              Object {
                "marginLeft": 0,
                "marginRight": 0,
              },
            ]
          }
          testID="list-item"
        >
          <Text>
            A
          </Text>
        </View>
      </View>
    </View>
  </RCTScrollView>
</View>
`;
