// Jest Snapshot v1, https://goo.gl/fbAQLP

exports[`CardList Rendering renders itself correctly 1`] = `
<RCTScrollView
  ItemSeparatorComponent={[Function]}
  data={
    Array [
      Object {
        "description": "A Description",
        "eventDate": "A eventDate",
        "eventTime": "A eventTime",
        "id": "card-list-item-1",
        "onPress": [MockFunction],
        "photoUrl": "https://images.com/abc.png",
        "subTitle": "A Subtitle",
        "tags": Array [
          "Tag One",
          "Tag Two",
        ],
        "title": "A Title",
      },
      Object {
        "description": "A Description",
        "eventDate": "A eventDate",
        "eventTime": "A eventTime",
        "id": "card-list-item-2",
        "onPress": [MockFunction],
        "photoUrl": "https://images.com/abc.png",
        "subTitle": "A Subtitle",
        "tags": null,
        "title": "A Title",
      },
    ]
  }
  getItem={[Function]}
  getItemCount={[Function]}
  keyExtractor={[Function]}
  onContentSizeChange={[Function]}
  onLayout={[Function]}
  onMomentumScrollBegin={[Function]}
  onMomentumScrollEnd={[Function]}
  onScroll={[Function]}
  onScrollBeginDrag={[Function]}
  onScrollEndDrag={[Function]}
  removeClippedSubviews={false}
  renderItem={[Function]}
  scrollEventThrottle={50}
  stickyHeaderIndices={Array []}
  style={
    Array [
      Object {},
    ]
  }
  testID="list"
  viewabilityConfigCallbackPairs={Array []}
>
  <View>
    <View
      onLayout={[Function]}
      style={null}
    >
      <View
        accessibilityLabel="list-item"
        accessible={false}
        collapsable={false}
        focusable={true}
        nativeID="animatedComponent"
        onClick={[Function]}
        onResponderGrant={[Function]}
        onResponderMove={[Function]}
        onResponderRelease={[Function]}
        onResponderTerminate={[Function]}
        onResponderTerminationRequest={[Function]}
        onStartShouldSetResponder={[Function]}
        style={
          Object {
            "flexDirection": "column",
            "opacity": 1,
            "paddingVertical": 22,
          }
        }
        testID="list-item"
      >
        <View
          style={
            Array [
              Object {
                "flexDirection": "row",
              },
            ]
          }
        >
          <View
            accessibilityLabel="item-photo"
            style={
              Array [
                Object {
                  "width": "35%",
                },
              ]
            }
            testID="item-photo"
          >
            <Image
              source={
                Object {
                  "uri": "https://images.com/abc.png",
                }
              }
              style={
                Array [
                  Object {
                    "borderRadius": 8,
                    "height": 96,
                    "width": 96,
                  },
                ]
              }
            />
          </View>
          <View
            style={
              Array [
                Object {
                  "width": "65%",
                },
              ]
            }
          >
            <View
              accessibilityLabel="item-title"
              style={
                Array [
                  Object {},
                ]
              }
              testID="item-title"
            >
              <Text
                style={
                  Array [
                    Object {
                      "color": "#1C2530",
                      "fontFamily": "System",
                      "fontSize": 16,
                      "fontWeight": "700",
                      "textAlign": "left",
                    },
                  ]
                }
                testID="heading"
                variant="h4"
              >
                A Title
              </Text>
              <Text
                style={
                  Array [
                    Object {
                      "color": "#1C2530",
                      "fontFamily": "System",
                      "fontSize": 12,
                      "fontStyle": "normal",
                      "fontWeight": "400",
                      "marginTop": 8,
                      "textAlign": "left",
                    },
                  ]
                }
                testID="text"
                variant="subtitle2"
              >
                A Subtitle
              </Text>
            </View>
            <View
              accessibilityLabel="item-description"
              style={
                Array [
                  Object {},
                ]
              }
              testID="item-description"
            >
              <Text
                muted={true}
                numberOfLines={2}
                style={
                  Array [
                    Object {
                      "color": "#97A4AB",
                      "fontFamily": "System",
                      "fontSize": 14,
                      "fontStyle": "normal",
                      "fontWeight": "400",
                      "marginTop": 8,
                      "textAlign": "left",
                    },
                  ]
                }
                testID="text"
                variant="subtitle2"
              >
                A Description
              </Text>
            </View>
            <View
              accessibilityLabel="item-tags"
              style={
                Array [
                  Object {},
                ]
              }
              testID="item-tags"
            >
              <Text
                italic={true}
                muted={true}
                style={
                  Array [
                    Object {
                      "color": "#97A4AB",
                      "fontFamily": "System",
                      "fontSize": 14,
                      "fontStyle": "italic",
                      "fontWeight": "700",
                      "marginTop": 8,
                      "textAlign": "left",
                    },
                  ]
                }
                testID="text"
                variant="subtitle2"
                weight="bold"
              >
                Tag One 
                Tag Two
              </Text>
            </View>
          </View>
        </View>
      </View>
      <View
        style={
          Array [
            Object {
              "backgroundColor": "#DBE0E3",
              "height": 1,
              "width": "100%",
            },
          ]
        }
        testID="divider"
      />
    </View>
    <View
      onLayout={[Function]}
      style={null}
    >
      <View
        accessibilityLabel="list-item"
        accessible={false}
        collapsable={false}
        focusable={true}
        nativeID="animatedComponent"
        onClick={[Function]}
        onResponderGrant={[Function]}
        onResponderMove={[Function]}
        onResponderRelease={[Function]}
        onResponderTerminate={[Function]}
        onResponderTerminationRequest={[Function]}
        onStartShouldSetResponder={[Function]}
        style={
          Object {
            "flexDirection": "column",
            "opacity": 1,
            "paddingVertical": 22,
          }
        }
        testID="list-item"
      >
        <View
          style={
            Array [
              Object {
                "flexDirection": "row",
              },
            ]
          }
        >
          <View
            accessibilityLabel="item-photo"
            style={
              Array [
                Object {
                  "width": "35%",
                },
              ]
            }
            testID="item-photo"
          >
            <Image
              source={
                Object {
                  "uri": "https://images.com/abc.png",
                }
              }
              style={
                Array [
                  Object {
                    "borderRadius": 8,
                    "height": 96,
                    "width": 96,
                  },
                ]
              }
            />
          </View>
          <View
            style={
              Array [
                Object {
                  "width": "65%",
                },
              ]
            }
          >
            <View
              accessibilityLabel="item-title"
              style={
                Array [
                  Object {},
                ]
              }
              testID="item-title"
            >
              <Text
                style={
                  Array [
                    Object {
                      "color": "#1C2530",
                      "fontFamily": "System",
                      "fontSize": 16,
                      "fontWeight": "700",
                      "textAlign": "left",
                    },
                  ]
                }
                testID="heading"
                variant="h4"
              >
                A Title
              </Text>
              <Text
                style={
                  Array [
                    Object {
                      "color": "#1C2530",
                      "fontFamily": "System",
                      "fontSize": 12,
                      "fontStyle": "normal",
                      "fontWeight": "400",
                      "marginTop": 8,
                      "textAlign": "left",
                    },
                  ]
                }
                testID="text"
                variant="subtitle2"
              >
                A Subtitle
              </Text>
            </View>
            <View
              accessibilityLabel="item-description"
              style={
                Array [
                  Object {},
                ]
              }
              testID="item-description"
            >
              <Text
                muted={true}
                numberOfLines={2}
                style={
                  Array [
                    Object {
                      "color": "#97A4AB",
                      "fontFamily": "System",
                      "fontSize": 14,
                      "fontStyle": "normal",
                      "fontWeight": "400",
                      "marginTop": 8,
                      "textAlign": "left",
                    },
                  ]
                }
                testID="text"
                variant="subtitle2"
              >
                A Description
              </Text>
            </View>
          </View>
        </View>
      </View>
    </View>
  </View>
</RCTScrollView>
`;
